[2m6:32:19 PM[22m [31m[1m[vite][22m[39m [31mInternal server error: Failed to resolve import "./components/ReceptionAppointmentsPage" from "src/App.jsx". Does the file exist?[39m
  Plugin: [35mvite:import-analysis[39m
  File: [36mC:/xampp/htdocs/dentiplus/frontend/src/App.jsx[39m:20:42
[33m  18 |  import { ReceptionistDashboard } from "./components/ReceptionistDashboard";
  19 |  import { SettingsPanel } from "./components/SettingsPanel";
  20 |  import { ReceptionAppointmentsPage } from "./components/ReceptionAppointmentsPage";
     |                                             ^
  21 |  import { ReceptionWalkinPage } from "./components/ReceptionWalkinPage";
  22 |  const THEME_KEY = "edental-theme";[39m
      at TransformPluginContext._formatError (file:///C:/xampp/htdocs/dentiplus/frontend/node_modules/vite/dist/node/chunks/dep-BK3b2jBa.js:49258:41)
      at TransformPluginContext.error (file:///C:/xampp/htdocs/dentiplus/frontend/node_modules/vite/dist/node/chunks/dep-BK3b2jBa.js:49253:16)
      at normalizeUrl (file:///C:/xampp/htdocs/dentiplus/frontend/node_modules/vite/dist/node/chunks/dep-BK3b2jBa.js:64307:23)
      at process.processTicksAndRejections (node:internal/process/task_queues:104:5)
      at async file:///C:/xampp/htdocs/dentiplus/frontend/node_modules/vite/dist/node/chunks/dep-BK3b2jBa.js:64439:39
      at async Promise.all (index 13)
      at async TransformPluginContext.transform (file:///C:/xampp/htdocs/dentiplus/frontend/node_modules/vite/dist/node/chunks/dep-BK3b2jBa.js:64366:7)
      at async PluginContainer.transform (file:///C:/xampp/htdocs/dentiplus/frontend/node_modules/vite/dist/node/chunks/dep-BK3b2jBa.js:49099:18)
      at async loadAndTransform (file:///C:/xampp/htdocs/dentiplus/frontend/node_modules/vite/dist/node/chunks/dep-BK3b2jBa.js:51978:27)
[2m6:32:19 PM[22m [31m[1m[vite][22m[39m Pre-transform error: Failed to resolve import "./components/ReceptionAppointmentsPage" from "src/App.jsx". Does the file exist?
[2m6:32:25 PM[22m [31m[1m[vite][22m[39m [31mInternal server error: Failed to resolve import "./components/ReceptionAppointmentsPage" from "src/App.jsx". Does the file exist?[39m
  Plugin: [35mvite:import-analysis[39m
  File: [36mC:/xampp/htdocs/dentiplus/frontend/src/App.jsx[39m:20:42
[33m  18 |  import { ReceptionistDashboard } from "./components/ReceptionistDashboard";
  19 |  import { SettingsPanel } from "./components/SettingsPanel";
  20 |  import { ReceptionAppointmentsPage } from "./components/ReceptionAppointmentsPage";
     |                                             ^
  21 |  import { ReceptionWalkinPage } from "./components/ReceptionWalkinPage";
  22 |  const THEME_KEY = "edental-theme";[39m
      at TransformPluginContext._formatError (file:///C:/xampp/htdocs/dentiplus/frontend/node_modules/vite/dist/node/chunks/dep-BK3b2jBa.js:49258:41)
      at TransformPluginContext.error (file:///C:/xampp/htdocs/dentiplus/frontend/node_modules/vite/dist/node/chunks/dep-BK3b2jBa.js:49253:16)
      at normalizeUrl (file:///C:/xampp/htdocs/dentiplus/frontend/node_modules/vite/dist/node/chunks/dep-BK3b2jBa.js:64307:23)
      at process.processTicksAndRejections (node:internal/process/task_queues:104:5)
      at async file:///C:/xampp/htdocs/dentiplus/frontend/node_modules/vite/dist/node/chunks/dep-BK3b2jBa.js:64439:39
      at async Promise.all (index 13)
      at async TransformPluginContext.transform (file:///C:/xampp/htdocs/dentiplus/frontend/node_modules/vite/dist/node/chunks/dep-BK3b2jBa.js:64366:7)
      at async PluginContainer.transform (file:///C:/xampp/htdocs/dentiplus/frontend/node_modules/vite/dist/node/chunks/dep-BK3b2jBa.js:49099:18)
      at async loadAndTransform (file:///C:/xampp/htdocs/dentiplus/frontend/node_modules/vite/dist/node/chunks/dep-BK3b2jBa.js:51978:27)
[2m6:32:25 PM[22m [31m[1m[vite][22m[39m Pre-transform error: Failed to resolve import "./components/ReceptionAppointmentsPage" from "src/App.jsx". Does the file exist?
[2m6:34:35 PM[22m [31m[1m[vite][22m[39m Pre-transform error: Failed to resolve import "./components/ReceptionAppointmentsPage" from "src/App.jsx". Does the file exist?
[2m6:34:35 PM[22m [31m[1m[vite][22m[39m [31mInternal server error: Failed to resolve import "./components/ReceptionAppointmentsPage" from "src/App.jsx". Does the file exist?[39m
  Plugin: [35mvite:import-analysis[39m
  File: [36mC:/xampp/htdocs/dentiplus/frontend/src/App.jsx[39m:20:42
[33m  18 |  import { ReceptionistDashboard } from "./components/ReceptionistDashboard";
  19 |  import { SettingsPanel } from "./components/SettingsPanel";
  20 |  import { ReceptionAppointmentsPage } from "./components/ReceptionAppointmentsPage";
     |                                             ^
  21 |  import { ReceptionWalkinPage } from "./components/ReceptionWalkinPage";
  22 |  const THEME_KEY = "edental-theme";[39m
      at TransformPluginContext._formatError (file:///C:/xampp/htdocs/dentiplus/frontend/node_modules/vite/dist/node/chunks/dep-BK3b2jBa.js:49258:41)
      at TransformPluginContext.error (file:///C:/xampp/htdocs/dentiplus/frontend/node_modules/vite/dist/node/chunks/dep-BK3b2jBa.js:49253:16)
      at normalizeUrl (file:///C:/xampp/htdocs/dentiplus/frontend/node_modules/vite/dist/node/chunks/dep-BK3b2jBa.js:64307:23)
      at process.processTicksAndRejections (node:internal/process/task_queues:104:5)
      at async file:///C:/xampp/htdocs/dentiplus/frontend/node_modules/vite/dist/node/chunks/dep-BK3b2jBa.js:64439:39
      at async Promise.all (index 13)
      at async TransformPluginContext.transform (file:///C:/xampp/htdocs/dentiplus/frontend/node_modules/vite/dist/node/chunks/dep-BK3b2jBa.js:64366:7)
      at async PluginContainer.transform (file:///C:/xampp/htdocs/dentiplus/frontend/node_modules/vite/dist/node/chunks/dep-BK3b2jBa.js:49099:18)
      at async loadAndTransform (file:///C:/xampp/htdocs/dentiplus/frontend/node_modules/vite/dist/node/chunks/dep-BK3b2jBa.js:51978:27)
      at async viteTransformMiddleware (file:///C:/xampp/htdocs/dentiplus/frontend/node_modules/vite/dist/node/chunks/dep-BK3b2jBa.js:62106:24)
[2m6:35:05 PM[22m [31m[1m[vite][22m[39m [31mInternal server error: Failed to resolve import "./components/ReceptionWalkinPage" from "src/App.jsx". Does the file exist?[39m
  Plugin: [35mvite:import-analysis[39m
  File: [36mC:/xampp/htdocs/dentiplus/frontend/src/App.jsx[39m:21:36
[33m  19 |  import { SettingsPanel } from "./components/SettingsPanel";
  20 |  import { ReceptionAppointmentsPage } from "./components/ReceptionAppointmentsPage";
  21 |  import { ReceptionWalkinPage } from "./components/ReceptionWalkinPage";
     |                                       ^
  22 |  const THEME_KEY = "edental-theme";
  23 |  function useDentiplusPortal() {[39m
      at TransformPluginContext._formatError (file:///C:/xampp/htdocs/dentiplus/frontend/node_modules/vite/dist/node/chunks/dep-BK3b2jBa.js:49258:41)
      at TransformPluginContext.error (file:///C:/xampp/htdocs/dentiplus/frontend/node_modules/vite/dist/node/chunks/dep-BK3b2jBa.js:49253:16)
      at normalizeUrl (file:///C:/xampp/htdocs/dentiplus/frontend/node_modules/vite/dist/node/chunks/dep-BK3b2jBa.js:64307:23)
      at process.processTicksAndRejections (node:internal/process/task_queues:104:5)
      at async file:///C:/xampp/htdocs/dentiplus/frontend/node_modules/vite/dist/node/chunks/dep-BK3b2jBa.js:64439:39
      at async Promise.all (index 14)
      at async TransformPluginContext.transform (file:///C:/xampp/htdocs/dentiplus/frontend/node_modules/vite/dist/node/chunks/dep-BK3b2jBa.js:64366:7)
      at async PluginContainer.transform (file:///C:/xampp/htdocs/dentiplus/frontend/node_modules/vite/dist/node/chunks/dep-BK3b2jBa.js:49099:18)
      at async loadAndTransform (file:///C:/xampp/htdocs/dentiplus/frontend/node_modules/vite/dist/node/chunks/dep-BK3b2jBa.js:51978:27)
[2m6:35:05 PM[22m [31m[1m[vite][22m[39m Pre-transform error: Failed to resolve import "./components/ReceptionWalkinPage" from "src/App.jsx". Does the file exist?
[2m7:22:35 PM[22m [31m[1m[vite][22m[39m Pre-transform error: Failed to load url /src/components/ReceptionWalkinPage.jsx (resolved id: C:/xampp/htdocs/dentiplus/frontend/src/components/ReceptionWalkinPage.jsx) in C:/xampp/htdocs/dentiplus/frontend/src/App.jsx. Does the file exist?
[2m8:57:37 PM[22m [31m[1m[vite][22m[39m Pre-transform error: Failed to load url /src/components/DentistPatientsPage.jsx (resolved id: C:/xampp/htdocs/dentiplus/frontend/src/components/DentistPatientsPage.jsx) in C:/xampp/htdocs/dentiplus/frontend/src/App.jsx. Does the file exist?
[2m10:02:26 PM[22m [31m[1m[vite][22m[39m Pre-transform error: Failed to load url /src/components/ProcedureChargePage.jsx (resolved id: C:/xampp/htdocs/dentiplus/frontend/src/components/ProcedureChargePage.jsx) in C:/xampp/htdocs/dentiplus/frontend/src/App.jsx. Does the file exist?
[2m10:03:49 PM[22m [31m[1m[vite][22m[39m Pre-transform error: Failed to load url /src/components/ReceptionPaymentsPage.jsx (resolved id: C:/xampp/htdocs/dentiplus/frontend/src/components/ReceptionPaymentsPage.jsx) in C:/xampp/htdocs/dentiplus/frontend/src/App.jsx. Does the file exist?
